// Jest Snapshot v1, https://goo.gl/fbAQLP

exports[`<ChallengeTitle/> renders correctly 1`] = `
<div
  className="challenge-title-wrap"
>
  <div
    className="challenge-title-breadcrumbs"
  >
    <a
      className="breadcrumb-left"
      href="/learn/fake-superblock"
      state={
        Object {
          "breadcrumbBlockClick": "fake-block",
        }
      }
    >
      <span
        className="ellipsis"
      />
    </a>
    <div
      className="breadcrumb-center"
    />
    <a
      className="breadcrumb-right"
      href="/learn/fake-superblock/#fake-block"
      state={
        Object {
          "breadcrumbBlockClick": "fake-block",
        }
      }
    />
  </div>
  <div
    className="challenge-title"
  >
    <div
      className="title-text"
    >
      <b>
        title text
      </b>
      <span
        className="sr-only"
      >
        icons.passed
      </span>
      <svg
        height="50"
        style={
          Object {
            "height": "15px",
            "marginLeft": "7px",
            "width": "15px",
          }
        }
        viewBox="0 0 200 200"
        width="50"
        xmlns="http://www.w3.org/2000/svg"
      >
        <g>
          <title>
            icons.passed
          </title>
          <circle
            cx="100"
            cy="99"
            fill="var(--primary-color)"
            r="95"
            stroke="var(--primary-color)"
            strokeDasharray="null"
          />
          <rect
            fill="var(--primary-background)"
            height="30"
            stroke="var(--primary-background)"
            strokeDasharray="null"
            transform="rotate(-45, 120, 106.321)"
            width="128.85878"
            x="55.57059"
            y="91.32089"
          />
          <rect
            fill="var(--primary-background)"
            height="30"
            stroke="var(--primary-background)"
            strokeDasharray="null"
            transform="rotate(45, 66.75, 123.75)"
            width="80.66548"
            x="26.41726"
            y="108.75"
          />
        </g>
      </svg>
    </div>
  </div>
</div>
`;
