// Jest Snapshot v1, https://goo.gl/fbAQLP

exports[`<CompletionModalBody /> matches snapshot 1`] = `
<div>
  <div
    class="completion-challenge-details"
  >
    <span
      class="sr-only"
    >
      icons.passed
    </span>
    <svg
      class="completion-success-icon"
      data-testid="fcc-completion-success-icon"
      height="50"
      viewBox="0 0 200 200"
      width="50"
      xmlns="http://www.w3.org/2000/svg"
    >
      <g>
        <title>
          icons.passed
        </title>
        <circle
          cx="100"
          cy="99"
          fill="var(--primary-color)"
          r="95"
          stroke="var(--primary-color)"
          stroke-dasharray="null"
        />
        <rect
          fill="var(--primary-background)"
          height="30"
          stroke="var(--primary-background)"
          stroke-dasharray="null"
          transform="rotate(-45, 120, 106.321)"
          width="128.85878"
          x="55.57059"
          y="91.32089"
        />
        <rect
          fill="var(--primary-background)"
          height="30"
          stroke="var(--primary-background)"
          stroke-dasharray="null"
          transform="rotate(45, 66.75, 123.75)"
          width="80.66548"
          x="26.41726"
          y="108.75"
        />
      </g>
    </svg>
  </div>
  <div
    class="completion-block-details"
  >
    <div
      class="completion-block-name"
    >
      intro:responsive-web-design.blocks.basic-html-and-html5.title
    </div>
    <div
      class="progress-bar-wrap"
    >
      <div
        class="progress-bar-background"
      >
        learn.percent-complete
      </div>
      <div
        class="progress-bar-percent"
        data-testid="fcc-progress-bar-percent"
        style="width: 0%;"
      >
        <div
          class="progress-bar-foreground"
        >
          learn.percent-complete
        </div>
      </div>
    </div>
  </div>
</div>
`;
